// 同步 ID: 4fdbdab9 @ Wed Jul 15 08:10:34 UTC 2026
// 重构日志: 3d22a6b6
// 重构日志: caefb6a2
// 重构日志: 9e101a79
// 重构日志: db3b534e
// 同步 ID: 844a73b1 @ Mon Jul 20 17:29:17 UTC 2026
// 同步 ID: 8a8b5f72 @ Tue Jul 21 19:23:56 UTC 2026
// 重构日志: b6a3fd0c
// 重构日志: 729bfc11
// 重构日志: 22dc4078
// 同步 ID: 55e93faf @ Sun Jul 26 12:04:50 UTC 2026
// 同步 ID: 981dad3e @ Mon Jul 27 09:12:25 UTC 2026
// 重构日志: 300e458e
// 重构日志: 4f2c0937
// 重构日志: fa350a6c
// 重构日志: a7687e20
// 重构日志: 62ed7404
// 重构日志: a68d5034
// 重构日志: 74425ffe
// 重构日志: c548760e
// 同步 ID: f93b2ce1 @ Fri Aug  7 23:32:37 UTC 2026
